// Jest Snapshot v1, https://goo.gl/fbAQLP

exports[`test on \`HookApp\` snapshot from \`HookApp\` 1`] = `
<div>
  <h1>
    Hola Mundo
  </h1>
</div>
`;
