// Jest Snapshot v1, https://goo.gl/fbAQLP

exports[`Test on \`HomeScreen.js\` Debe renderizar correctamente 1`] = `
<div>
  <h1>
    HomeScreen
  </h1>
  <hr />
  <pre>
    {
   "name": "Jomarquez",
   "email": "jmrqz21@gmai.com"
}
  </pre>
</div>
`;
